node.exe : [33mThe CJS build of 
Vite's Node API is deprecated. See ht
tps://vite.dev/guide/troubleshooting.
html#vite-cjs-node-api-deprecated 
for more details.[39m
At C:\Program 
Files\nodejs\npx.ps1:29 char:3
+   & $NODE_EXE $NPX_CLI_JS $args
+   ~~~~~~~~~~~~~~~~~~~~~~~~~~~~~
    + CategoryInfo          : NotSpe 
   cified: ([33mThe CJS bu...e det  
  ails.[39m:String) [], RemoteExc   
 eption
    + FullyQualifiedErrorId : Native 
   CommandError
 

[7m[1m[36m RUN [39m[22m[27m [36mv1.6.1[39m [90mC:/projects/mysched-admin-main[39m
[2m      Coverage enabled with [22m[33mv8[39m

 [32mΓ£ô[39m src/app/api/__tests__/notifications-route.test.ts [2m ([22m[2m3 tests[22m[2m)[22m[90m 39[2mms[22m[39m
[90mstderr[2m | src/app/api/__tests
__/settings-test-supabase-route.test.
ts[2m > [22m[2m/api/settings/test-
supabase[2m > [22m[2mmaps service 
errors to 500[22m[39m
Failed to record audit error 
TypeError: sb.from(...).insert is 
not a function
    at Module.auditError [90m(C:\pro
jects\mysched-admin-main\[39msrc\lib
\audit.ts:179:32[90m)[39m
    at Module.POST [90m(C:\projects\
mysched-admin-main\[39msrc\app\api\s
ettings\test-supabase\route.ts:61:13
[90m)[39m
    at [90mC:\projects\mysched-admin
-main\[39msrc\app\api\__tests__\sett
ings-test-supabase-route.test.ts:72:1
7
    at runTest [90m(file:///C:/proje
cts/mysched-admin-main/[39mnode_modu
les/[4m@vitest[24m/runner/dist/inde
x.js:781:11[90m)[39m
    at runSuite [90m(file:///C:/proj
ects/mysched-admin-main/[39mnode_mod
ules/[4m@vitest[24m/runner/dist/ind
ex.js:909:15[90m)[39m
    at runSuite [90m(file:///C:/proj
ects/mysched-admin-main/[39mnode_mod
ules/[4m@vitest[24m/runner/dist/ind
ex.js:909:15[90m)[39m
    at runFiles [90m(file:///C:/proj
ects/mysched-admin-main/[39mnode_mod
ules/[4m@vitest[24m/runner/dist/ind
ex.js:958:5[90m)[39m
    at startTests [90m(file:///C:/pr
ojects/mysched-admin-main/[39mnode_m
odules/[4m@vitest[24m/runner/dist/i
ndex.js:967:3[90m)[39m
    at [90mfile:///C:/projects/mysch
ed-admin-main/[39mnode_modules/[4mv
itest[24m/dist/chunks/runtime-runBas
eTests.oAvMKtQC.js:116:7
    at withEnv [90m(file:///C:/proje
cts/mysched-admin-main/[39mnode_modu
les/[4mvitest[24m/dist/chunks/runti
me-runBaseTests.oAvMKtQC.js:83:5[90m
)[39m

 [32mΓ£ô[39m src/app/api/__tests__/settings-test-supabase-route.test.ts [2m ([22m[2m3 tests[22m[2m)[22m[90m 27[2mms[22m[39m
 [32mΓ£ô[39m src/app/api/__tests__/instructors-schedule-route.test.ts [2m ([22m[2m3 tests[22m[2m)[22m[90m 31[2mms[22m[39m
 [32mΓ£ô[39m src/app/api/__tests__/whoami-route.test.ts [2m ([22m[2m2 tests[22m[2m)[22m[90m 7[2mms[22m[39m
 [32mΓ£ô[39m src/app/api/__tests__/settings-route.test.ts [2m ([22m[2m5 tests[22m[2m)[22m[90m 65[2mms[22m[39m
 [32mΓ£ô[39m src/app/api/__tests__/settings-test-webhook-route.test.ts [2m ([22m[2m5 tests[22m[2m)[22m[90m 40[2mms[22m[39m
 [32mΓ£ô[39m src/app/api/__tests__/classes-route.test.ts [2m ([22m[2m7 tests[22m[2m)[22m[90m 46[2mms[22m[39m
 [32mΓ£ô[39m src/lib/rate.spec.ts [2m ([22m[2m5 tests[22m[2m)[22m[90m 13[2mms[22m[39m
 [32mΓ£ô[39m src/app/api/__tests__/classes-id-route.test.ts [2m ([22m[2m4 tests[22m[2m)[22m[90m 16[2mms[22m[39m
[90mstderr[2m | 
src/lib/env.spec.ts[2m > 
[22m[2mlocal Supabase defaults[2m 
> [22m[2mdoes not use defaults in 
production without opt-in[22m[39m
Supabase environment variables are 
missing: NEXT_PUBLIC_SUPABASE_URL, 
NEXT_PUBLIC_SUPABASE_ANON_KEY, 
SUPABASE_SERVICE_ROLE

[90mstderr[2m | 
src/lib/env.spec.ts[2m > 
[22m[2mlocal Supabase defaults[2m 
> [22m[2mcan opt-in to defaults in 
production when explicitly 
allowed[22m[39m
Supabase credentials are missing. 
Falling back to localhost defaults 
for development only.

 [32mΓ£ô[39m src/app/api/__tests__/admins-grant-self-route.test.ts [2m ([22m[2m3 tests[22m[2m)[22m[90m 23[2mms[22m[39m
 [32mΓ£ô[39m src/app/api/__tests__/users-route.test.ts [2m ([22m[2m9 tests[22m[2m)[22m[90m 72[2mms[22m[39m
 [32mΓ£ô[39m src/app/api/__tests__/sections-id-route.test.ts [2m ([22m[2m4 tests[22m[2m)[22m[90m 27[2mms[22m[39m
 [32mΓ£ô[39m src/app/api/__tests__/audit-route.test.ts [2m ([22m[2m4 tests[22m[2m)[22m[90m 24[2mms[22m[39m
 [32mΓ£ô[39m src/lib/__tests__/time-range.test.ts [2m ([22m[2m10 tests[22m[2m)[22m[90m 9[2mms[22m[39m
 [32mΓ£ô[39m src/app/auth/__tests__/callback-route.test.ts [2m ([22m[2m3 tests[22m[2m)[22m[90m 47[2mms[22m[39m
 [32mΓ£ô[39m src/lib/env.spec.ts [2m ([22m[2m13 tests[22m[2m)[22m[33m 858[2mms[22m[39m
 [32mΓ£ô[39m src/lib/audit.spec.ts [2m ([22m[2m3 tests[22m[2m)[22m[90m 14[2mms[22m[39m
 [32mΓ£ô[39m src/hooks/__tests__/useLocalStorage.test.tsx [2m ([22m[2m2 tests[22m[2m)[22m[90m 62[2mms[22m[39m
[90mstderr[2m | src/app/admin/__tes
ts__/layout.test.tsx[2m > 
[22m[2mAdminLayout access 
control[2m > [22m[2mredirects 
unauthenticated users to login with 
unauthorized reason[22m[39m
{
  route: [32m'admin/layout'[39m,
  type: [32m'unauthorized'[39m,
  userId: [90mundefined[39m,
  timestamp: 
[32m'2025-11-25T18:02:35.650Z'[39m
}

[90mstderr[2m | src/app/admin/__tes
ts__/layout.test.tsx[2m > 
[22m[2mAdminLayout access 
control[2m > [22m[2mredirects 
non-admin users to login with 
forbidden reason[22m[39m
{
  route: [32m'admin/layout'[39m,
  type: [32m'forbidden'[39m,
  userId: [32m'user-1'[39m,
  timestamp: 
[32m'2025-11-25T18:02:35.654Z'[39m
}

 [32mΓ£ô[39m src/app/admin/__tests__/layout.test.tsx [2m ([22m[2m3 tests[22m[2m)[22m[90m 10[2mms[22m[39m
 [32mΓ£ô[39m src/components/__tests__/Sidebar.test.tsx [2m ([22m[2m1 test[22m[2m)[22m[90m 138[2mms[22m[39m
 [33mΓ¥»[39m src/app/login/__tests__/page.test.tsx [2m ([22m[2m2 tests[22m [2m|[22m [31m2 failed[39m[2m)[22m[90m 80[2mms[22m[39m
[31m   [33mΓ¥»[31m src/app/login/__tests__/page.test.tsx[2m > [22mLoginPage[2m > [22mvalidates required fields before attempting sign in[39m
[31m     ΓåÆ React is not defined[39m
[31m   [33mΓ¥»[31m src/app/login/__tests__/page.test.tsx[2m > [22mLoginPage[2m > [22msubmits credentials and navigates on success[39m
[31m     ΓåÆ React is not defined[39m
 [33mΓ¥»[39m src/components/__tests__/toast.test.tsx [2m ([22m[2m3 tests[22m [2m|[22m [31m2 failed[39m[2m)[22m[90m 202[2mms[22m[39m
[31m   [33mΓ¥»[31m src/components/__tests__/toast.test.tsx[2m > [22mToastProvider[2m > [22mdismisses a toast when the close button is clicked[39m
[31m     ΓåÆ [2mexpect([22m[31melement[31m[2m).not.toBeInTheDocument()[22m

[31mexpected document not to contain element, found <p
  class="flex-1 font-medium leading-5 text-gray-700"
  role="status"
>
  Hello there
</p> instead[31m[39m
[31m   [33mΓ¥»[31m src/components/__tests__/toast.test.tsx[2m > [22mToastProvider[2m > [22mauto-removes toasts after the display duration[39m
[31m     ΓåÆ [2mexpect([22m[31melement[31m[2m).not.toBeInTheDocument()[22m

[31mexpected document not to contain element, found <p
  class="flex-1 font-medium leading-5 text-gray-700"
  role="status"
>
  Hello there
</p> instead[31m[39m
 [33mΓ¥»[39m src/app/login/__tests__/admin-login-flow.test.tsx [2m ([22m[2m1 test[22m [2m|[22m [31m1 failed[39m[2m)[22m[90m 82[2mms[22m[39m
[31m   [33mΓ¥»[31m src/app/login/__tests__/admin-login-flow.test.tsx[2m > [22madmin login flow[2m > [22mredirects admins to /admin after successful sign in[39m
[31m     ΓåÆ React is not defined[39m
 [32mΓ£ô[39m src/components/__tests__/Metric.test.tsx [2m ([22m[2m2 tests[22m[2m)[22m[90m 35[2mms[22m[39m
 [32mΓ£ô[39m src/smoke.test.ts [2m ([22m[2m1 test[22m[2m)[22m[90m 3[2mms[22m[39m
 [32mΓ£ô[39m src/components/__tests__/StatusBar.test.tsx [2m ([22m[2m1 test[22m[2m)[22m[90m 46[2mms[22m[39m
 [32mΓ£ô[39m src/components/__tests__/Subtext.test.tsx [2m ([22m[2m1 test[22m[2m)[22m[90m 37[2mms[22m[39m
 [32mΓ£ô[39m src/components/__tests__/CardParts.test.tsx [2m ([22m[2m2 tests[22m[2m)[22m[90m 39[2mms[22m[39m
 [33mΓ¥»[39m src/components/__tests__/PrimaryButton.test.tsx [2m ([22m[2m1 test[22m [2m|[22m [31m1 failed[39m[2m)[22m[90m 27[2mms[22m[39m
[31m   [33mΓ¥»[31m src/components/__tests__/PrimaryButton.test.tsx[2m > [22mPrimaryButton renders with label[39m
[31m     ΓåÆ React is not defined[39m
 [32mΓ£ô[39m src/components/__tests__/Card.test.tsx [2m ([22m[2m2 tests[22m[2m)[22m[90m 51[2mms[22m[39m
 [32mΓ£ô[39m src/components/__tests__/AdminNav.test.tsx [2m ([22m[2m1 test[22m[2m)[22m[90m 60[2mms[22m[39m

[31mΓÄ»ΓÄ»ΓÄ»ΓÄ»ΓÄ»ΓÄ»ΓÄ»[1m[7m 
Failed Tests 6 
[27m[22mΓÄ»ΓÄ»ΓÄ»ΓÄ»ΓÄ»ΓÄ»ΓÄ»[39m

[31m[1m[7m FAIL [27m[22m[39m sr
c/components/__tests__/PrimaryButton.
test.tsx[2m > [22mPrimaryButton 
renders with label
[31m[1m[7m FAIL [27m[22m[39m sr
c/app/login/__tests__/admin-login-flo
w.test.tsx[2m > [22madmin login 
flow[2m > [22mredirects admins to 
/admin after successful sign in
[31m[1m[7m FAIL [27m[22m[39m sr
c/app/login/__tests__/page.test.tsx[
2m > [22mLoginPage[2m > 
[22mvalidates required fields 
before attempting sign in
[31m[1m[7m FAIL [27m[22m[39m sr
c/app/login/__tests__/page.test.tsx[
2m > [22mLoginPage[2m > 
[22msubmits credentials and 
navigates on success
[31m[1mReferenceError[22m: React 
is not defined[39m
[36m [2mΓ¥»[22m PrimaryButton src/
components/ui/Button.tsx:[2m30:3[22
m[39m
    [90m 28| [39m  [35mconst[39m 
busy [33m=[39m loading 
[33m||[39m ariaBusy [33m===[39m 
[35mtrue[39m [33m||[39m ariaBusy 
[33m===[39m [32m'true'[39m 
[33m?[39m [35mt[39mΓÇª
    [90m 29| [39m
    [90m 30| [39m  
[35mreturn[39m (
    [90m   | [39m  [31m^[39m
    [90m 31| [39m    [33m<[39m[3
3mmotion[39m[33m.[39m[33mbutton[
39m
    [90m 32| [39m      
[33m{[39m[33m...[39m(rest 
[35mas[39m any)[33m}[39m
[90m [2mΓ¥»[22m 
Object.react-stack-bottom-frame node_
modules/react-dom/cjs/react-dom-clien
t.development.js:[2m23863:20[22m[3
9m
[90m [2mΓ¥»[22m renderWithHooks no
de_modules/react-dom/cjs/react-dom-cl
ient.development.js:[2m5529:22[22m
[39m
[90m [2mΓ¥»[22m 
updateFunctionComponent node_modules/
react-dom/cjs/react-dom-client.develo
pment.js:[2m8897:19[22m[39m
[90m [2mΓ¥»[22m beginWork node_mod
ules/react-dom/cjs/react-dom-client.d
evelopment.js:[2m10522:18[22m[39m
[90m [2mΓ¥»[22m runWithFiberInDEV 
node_modules/react-dom/cjs/react-dom-
client.development.js:[2m1522:13[22
m[39m
[90m [2mΓ¥»[22m performUnitOfWork 
node_modules/react-dom/cjs/react-dom-
client.development.js:[2m15140:22[2
2m[39m
[90m [2mΓ¥»[22m workLoopSync node_
modules/react-dom/cjs/react-dom-clien
t.development.js:[2m14956:41[22m[3
9m
[90m [2mΓ¥»[22m renderRootSync nod
e_modules/react-dom/cjs/react-dom-cli
ent.development.js:[2m14936:11[22m
[39m
[90m [2mΓ¥»[22m performWorkOnRoot 
node_modules/react-dom/cjs/react-dom-
client.development.js:[2m14462:44[2
2m[39m

[31m[2mΓÄ»ΓÄ»ΓÄ»ΓÄ»ΓÄ»ΓÄ»ΓÄ»ΓÄ»ΓÄ»Γ
Ä»ΓÄ»ΓÄ»ΓÄ»ΓÄ»ΓÄ»ΓÄ»ΓÄ»ΓÄ»ΓÄ»ΓÄ»ΓÄ»ΓÄ
»ΓÄ»ΓÄ»[1/6]ΓÄ»[22m[39m

[31m[1m[7m FAIL [27m[22m[39m sr
c/components/__tests__/toast.test.tsx
[2m > [22mToastProvider[2m > 
[22mdismisses a toast when the 
close button is clicked
[31m[1mError[22m: [2mexpect([22m
[31melement[31m[2m).not.toBeInTheD
ocument()[22m

[31mexpected document not to 
contain element, found <p
  class="flex-1 font-medium 
leading-5 text-gray-700"
  role="status"
>
  Hello there
</p> instead[31m[39m
[36m [2mΓ¥»[22m src/components/__t
ests__/toast.test.tsx:[2m53:51[22m
[39m
[2m Test Files [22m [1m[31m4 failed[39m[22m[2m | [22m[1m[32m27 passed[39m[22m[90m (31)[39m
[2m      Tests [22m [1m[31m6 failed[39m[22m[2m | [22m[1m[32m103 passed[39m[22m[90m (109)[39m
[2m   Start at [22m 02:02:30
[2m   Duration [22m 6.15s[2m (transform 3.43s, setup 7.84s, collect 18.57s, tests 2.23s, environment 57.28s, prepare 11.70s)[22m

    [90m 51| [39m      fireEvent[3
3m.[39m[34mclick[39m(dismiss)
    [90m 52| [39m    })
    [90m 53| [39m    [34mexpect[3
9m(screen[33m.[39m[34mqueryByText
[39m([32m'Hello there'[39m))[33m.
[39mnot[33m.[39m[34mtoBeInTheDocum
ent[39m()
    [90m   | [39m                  
                                
[31m^[39m
    [90m 54| [39m  })
    [90m 55| [39m

[31m[2mΓÄ»ΓÄ»ΓÄ»ΓÄ»ΓÄ»ΓÄ»ΓÄ»ΓÄ»ΓÄ»Γ
Ä»ΓÄ»ΓÄ»ΓÄ»ΓÄ»ΓÄ»ΓÄ»ΓÄ»ΓÄ»ΓÄ»ΓÄ»ΓÄ»ΓÄ
»ΓÄ»ΓÄ»[2/6]ΓÄ»[22m[39m

[31m[1m[7m FAIL [27m[22m[39m sr
c/components/__tests__/toast.test.tsx
[2m > [22mToastProvider[2m > 
[22mauto-removes toasts after the 
display duration
[31m[1mError[22m: [2mexpect([22m
[31melement[31m[2m).not.toBeInTheD
ocument()[22m

[31mexpected document not to 
contain element, found <p
  class="flex-1 font-medium 
leading-5 text-gray-700"
  role="status"
>
  Hello there
</p> instead[31m[39m
[36m [2mΓ¥»[22m src/components/__t
ests__/toast.test.tsx:[2m66:51[22m
[39m
    [90m 64| [39m    })
    [90m 65| [39m
    [90m 66| [39m    [34mexpect[3
9m(screen[33m.[39m[34mqueryByText
[39m([32m'Hello there'[39m))[33m.
[39mnot[33m.[39m[34mtoBeInTheDocum
ent[39m()
    [90m   | [39m                  
                                
[31m^[39m
    [90m 67| [39m  })
    [90m 68| [39m})

[31m[2mΓÄ»ΓÄ»ΓÄ»ΓÄ»ΓÄ»ΓÄ»ΓÄ»ΓÄ»ΓÄ»Γ
Ä»ΓÄ»ΓÄ»ΓÄ»ΓÄ»ΓÄ»ΓÄ»ΓÄ»ΓÄ»ΓÄ»ΓÄ»ΓÄ»ΓÄ
»ΓÄ»ΓÄ»[3/6]ΓÄ»[22m[39m

