src/app/admin/settings/components/NotificationSettingsCard.tsx(21,11): error TS2322: Type 'string | number | symbol' is not assignable to type 'Key | null | undefined'.
  Type 'symbol' is not assignable to type 'Key | null | undefined'.
src/app/admin/settings/components/RecommendationsCard.tsx(24,28): error TS7006: Parameter 'rec' implicitly has an 'any' type.
src/app/admin/settings/hooks/useAdminSettings.ts(106,16): error TS7006: Parameter 'prev' implicitly has an 'any' type.
src/app/admin/settings/types.ts(1,15): error TS2305: Module '"@/app/api/settings/route"' has no exported member 'AdminSettingsResponse'.
src/app/api/__tests__/classes-route.test.ts(51,9): error TS7022: 'listQuery' implicitly has type 'any' because it does not have a type annotation and is referenced directly or indirectly in its own initializer.
src/app/api/__tests__/classes-route.test.ts(52,15): error TS7024: Function implicitly has return type 'any' because it does not have a return type annotation and is referenced directly or indirectly in one of its return expressions.
src/app/api/__tests__/instructors-schedule-route.test.ts(90,40): error TS2322: Type 'null' is not assignable to type '{ id: number; }[]'.
src/app/api/__tests__/instructors-schedule-route.test.ts(90,52): error TS2322: Type '{ message: string; }' is not assignable to type 'null'.
src/app/api/__tests__/settings-test-supabase-route.test.ts(51,34): error TS2345: Argument of type 'Request' is not assignable to parameter of type 'NextRequest'.
  Type 'Request' is missing the following properties from type 'NextRequest': cookies, nextUrl, page, ua
src/app/api/__tests__/settings-test-supabase-route.test.ts(60,34): error TS2345: Argument of type 'Request' is not assignable to parameter of type 'NextRequest'.
  Type 'Request' is missing the following properties from type 'NextRequest': cookies, nextUrl, page, ua
src/app/api/__tests__/settings-test-supabase-route.test.ts(72,34): error TS2345: Argument of type 'Request' is not assignable to parameter of type 'NextRequest'.
  Type 'Request' is missing the following properties from type 'NextRequest': cookies, nextUrl, page, ua
src/app/api/__tests__/settings-test-webhook-route.test.ts(46,34): error TS2345: Argument of type 'Request' is not assignable to parameter of type 'NextRequest'.
  Type 'Request' is missing the following properties from type 'NextRequest': cookies, nextUrl, page, ua
src/app/api/__tests__/settings-test-webhook-route.test.ts(60,34): error TS2345: Argument of type 'Request' is not assignable to parameter of type 'NextRequest'.
  Type 'Request' is missing the following properties from type 'NextRequest': cookies, nextUrl, page, ua
src/app/api/__tests__/settings-test-webhook-route.test.ts(67,34): error TS2345: Argument of type 'Request' is not assignable to parameter of type 'NextRequest'.
  Type 'Request' is missing the following properties from type 'NextRequest': cookies, nextUrl, page, ua
src/app/api/__tests__/settings-test-webhook-route.test.ts(76,34): error TS2345: Argument of type 'Request' is not assignable to parameter of type 'NextRequest'.
  Type 'Request' is missing the following properties from type 'NextRequest': cookies, nextUrl, page, ua
src/app/api/__tests__/settings-test-webhook-route.test.ts(85,34): error TS2345: Argument of type 'Request' is not assignable to parameter of type 'NextRequest'.
  Type 'Request' is missing the following properties from type 'NextRequest': cookies, nextUrl, page, ua
src/app/api/__tests__/users-route.test.ts(434,31): error TS2322: Type 'null' is not assignable to type 'Record<string, any>'.
src/app/api/__tests__/users-route.test.ts(463,31): error TS2322: Type 'null' is not assignable to type 'Record<string, any>'.
src/app/login/__tests__/admin-login-flow.test.tsx(25,1): error TS2582: Cannot find name 'describe'. Do you need to install type definitions for a test runner? Try `npm i --save-dev @types/jest` or `npm i --save-dev @types/mocha`.
src/app/login/__tests__/admin-login-flow.test.tsx(28,3): error TS2304: Cannot find name 'beforeEach'.
src/app/login/__tests__/admin-login-flow.test.tsx(55,3): error TS2304: Cannot find name 'afterEach'.
src/app/login/__tests__/admin-login-flow.test.tsx(59,3): error TS2582: Cannot find name 'it'. Do you need to install type definitions for a test runner? Try `npm i --save-dev @types/jest` or `npm i --save-dev @types/mocha`.
src/app/login/__tests__/admin-login-flow.test.tsx(73,7): error TS2304: Cannot find name 'expect'.
src/app/login/__tests__/admin-login-flow.test.tsx(75,5): error TS2304: Cannot find name 'expect'.
src/app/login/__tests__/page.test.tsx(25,1): error TS2582: Cannot find name 'describe'. Do you need to install type definitions for a test runner? Try `npm i --save-dev @types/jest` or `npm i --save-dev @types/mocha`.
src/app/login/__tests__/page.test.tsx(28,3): error TS2304: Cannot find name 'beforeEach'.
src/app/login/__tests__/page.test.tsx(55,3): error TS2304: Cannot find name 'afterEach'.
src/app/login/__tests__/page.test.tsx(59,3): error TS2582: Cannot find name 'it'. Do you need to install type definitions for a test runner? Try `npm i --save-dev @types/jest` or `npm i --save-dev @types/mocha`.
src/app/login/__tests__/page.test.tsx(65,5): error TS2304: Cannot find name 'expect'.
src/app/login/__tests__/page.test.tsx(66,5): error TS2304: Cannot find name 'expect'.
src/app/login/__tests__/page.test.tsx(67,5): error TS2304: Cannot find name 'expect'.
src/app/login/__tests__/page.test.tsx(70,3): error TS2582: Cannot find name 'it'. Do you need to install type definitions for a test runner? Try `npm i --save-dev @types/jest` or `npm i --save-dev @types/mocha`.
src/app/login/__tests__/page.test.tsx(102,7): error TS2304: Cannot find name 'expect'.
src/app/login/__tests__/page.test.tsx(108,5): error TS2304: Cannot find name 'expect'.
src/app/login/__tests__/page.test.tsx(110,7): error TS2304: Cannot find name 'expect'.
src/app/login/__tests__/page.test.tsx(121,7): error TS2304: Cannot find name 'expect'.
src/app/login/__tests__/page.test.tsx(123,5): error TS2304: Cannot find name 'expect'.
src/components/__tests__/AdminNav.test.tsx(16,20): error TS2740: Type '{ auth: { getUser: () => Promise<{ data: { user: { email: string; user_metadata: { name: string; }; }; }; }>; }; }' is missing the following properties from type 'SupabaseClient<any, "public", "public", any, any>': supabaseUrl, supabaseKey, realtime, storage, and 20 more.
src/components/__tests__/toast.test.tsx(7,1): error TS2582: Cannot find name 'describe'. Do you need to install type definitions for a test runner? Try `npm i --save-dev @types/jest` or `npm i --save-dev @types/mocha`.
src/components/__tests__/toast.test.tsx(8,3): error TS2304: Cannot find name 'beforeEach'.
src/components/__tests__/toast.test.tsx(12,3): error TS2304: Cannot find name 'afterEach'.
src/components/__tests__/toast.test.tsx(36,3): error TS2582: Cannot find name 'it'. Do you need to install type definitions for a test runner? Try `npm i --save-dev @types/jest` or `npm i --save-dev @types/mocha`.
src/components/__tests__/toast.test.tsx(41,5): error TS2304: Cannot find name 'expect'.
src/components/__tests__/toast.test.tsx(44,3): error TS2582: Cannot find name 'it'. Do you need to install type definitions for a test runner? Try `npm i --save-dev @types/jest` or `npm i --save-dev @types/mocha`.
src/components/__tests__/toast.test.tsx(53,5): error TS2304: Cannot find name 'expect'.
src/components/__tests__/toast.test.tsx(56,3): error TS2582: Cannot find name 'it'. Do you need to install type definitions for a test runner? Try `npm i --save-dev @types/jest` or `npm i --save-dev @types/mocha`.
src/components/__tests__/toast.test.tsx(66,5): error TS2304: Cannot find name 'expect'.
src/hooks/__tests__/useLocalStorage.test.tsx(5,1): error TS2582: Cannot find name 'describe'. Do you need to install type definitions for a test runner? Try `npm i --save-dev @types/jest` or `npm i --save-dev @types/mocha`.
src/hooks/__tests__/useLocalStorage.test.tsx(6,3): error TS2304: Cannot find name 'beforeEach'.
src/hooks/__tests__/useLocalStorage.test.tsx(10,3): error TS2582: Cannot find name 'it'. Do you need to install type definitions for a test runner? Try `npm i --save-dev @types/jest` or `npm i --save-dev @types/mocha`.
src/hooks/__tests__/useLocalStorage.test.tsx(15,7): error TS2304: Cannot find name 'expect'.
src/hooks/__tests__/useLocalStorage.test.tsx(19,3): error TS2582: Cannot find name 'it'. Do you need to install type definitions for a test runner? Try `npm i --save-dev @types/jest` or `npm i --save-dev @types/mocha`.
src/hooks/__tests__/useLocalStorage.test.tsx(29,7): error TS2304: Cannot find name 'expect'.
src/hooks/__tests__/useLocalStorage.test.tsx(36,5): error TS2304: Cannot find name 'expect'.
src/hooks/__tests__/useLocalStorage.test.tsx(41,7): error TS2304: Cannot find name 'expect'.
src/lib/env.spec.ts(50,15): error TS2540: Cannot assign to 'NODE_ENV' because it is a read-only property.
src/lib/env.spec.ts(52,12): error TS2790: The operand of a 'delete' operator must be optional.
src/lib/env.spec.ts(139,17): error TS2540: Cannot assign to 'NODE_ENV' because it is a read-only property.
src/lib/env.spec.ts(149,17): error TS2540: Cannot assign to 'NODE_ENV' because it is a read-only property.
src/lib/env.spec.ts(169,17): error TS2540: Cannot assign to 'NODE_ENV' because it is a read-only property.
